apiVersion: v1
kind: Namespace
metadata:
  annotations: {}
  labels:
    name: lieutenant
  name: lieutenant
