apiVersion: rbac.authorization.k8s.io/v1
kind: ClusterRoleBinding
metadata:
  labels:
    app.kubernetes.io/name: lieutenant-operator
    app.kubernetes.io/part-of: project-syn
  name: lieutenant-operator-manager-rolebinding
  namespace: lieutenant
roleRef:
  apiGroup: rbac.authorization.k8s.io
  kind: ClusterRole
  name: lieutenant-operator-manager-role
subjects:
  - kind: ServiceAccount
    name: lieutenant-operator
    namespace: lieutenant
