apiVersion: v1
kind: ServiceAccount
metadata:
  labels:
    app.kubernetes.io/name: lieutenant-operator
    app.kubernetes.io/part-of: project-syn
  name: lieutenant-operator
  namespace: lieutenant
