apiVersion: rbac.authorization.k8s.io/v1
kind: RoleBinding
metadata:
  labels:
    app.kubernetes.io/name: lieutenant-api
    app.kubernetes.io/part-of: project-syn
  name: lieutenant-api-user
  namespace: lieutenant
roleRef:
  apiGroup: rbac.authorization.k8s.io
  kind: Role
  name: lieutenant-api-user
subjects:
  - kind: ServiceAccount
    name: lieutenant-api-user
