apiVersion: v1
kind: Secret
metadata:
  annotations:
    kubernetes.io/service-account.name: lieutenant-api-user
  labels:
    app.kubernetes.io/name: lieutenant-api
    app.kubernetes.io/part-of: project-syn
  name: lieutenant-api-user
  namespace: lieutenant
type: kubernetes.io/service-account-token
