apiVersion: v1
kind: ServiceAccount
metadata:
  labels:
    app.kubernetes.io/name: lieutenant-api
    app.kubernetes.io/part-of: project-syn
  name: lieutenant-api-user
  namespace: lieutenant
