apiVersion: rbac.authorization.k8s.io/v1
kind: RoleBinding
metadata:
  annotations: {}
  labels:
    name: custom-t-foo-324
  name: custom-t-foo-324
  namespace: lieutenant
roleRef:
  apiGroup: rbac.authorization.k8s.io
  kind: Role
  name: t-foo-324
subjects:
  - kind: User
    name: u-bar-2
  - kind: User
    name: u-bar-1
