apiVersion: rbac.authorization.k8s.io/v1
kind: RoleBinding
metadata:
  name: t-foo-124
  namespace: lieutenant
roleRef:
  apiGroup: rbac.authorization.k8s.io
  kind: Role
  name: t-foo-124
subjects:
  - kind: User
    name: u-bar-1
